- Bonkers 3 (Mixed by Hixxy) - Visa - Fly Away.mp3
(Aqua)-Turn Back Time (dance version).mp3
(DJ Tiesto) Mario Piu AKA DJ-Bass control.mp3
-.mp3
01 - DJ C7 - Fly Away.mp3
01 - Sandra - Everlasting Love.mp3
01 - SM-Trax - Got The Groove.mp3
01. La Fiesta Del Sol.mp3
0142 Alice Cooper - How You Gonna See Me Now.mp3
01-no light duo-jäljed lumes-estmp3.mp3
02-Rullnokad-Korteri Läbu-estmp3.mp3
02-sulo-täna homme-estmp3.mp3
03. Meeletu.mp3
03-hannah-veel kord-estmp3.mp3
03-Rullnokad-Normaalne Tümakas-estmp3.mp3
04. sige Tee.mp3
04-pixie twins-vaikiv lumi-estmp3.mp3
04-Rullnokad-Ollikas-estmp3.mp3
05-ps troika-lumine laul-estmp3.mp3
05-Rullnokad-Ma Sain Lõuga-estmp3.mp3
06. Sära Nagu Täht.mp3
06-Rullnokad-Wremja Originaal (Trans Mix)-estmp3.mp3
06-vanilla ninja-purunematu-estmp3.mp3
07-overstyle-öö meid ootab ees-estmp3.mp3
07-Rullnokad-Ilgelt Oleks Vaja Rääkida-estmp3.mp3
08 - Start The Fire.mp3
08 Villancicos Mix - Blanca Navidad.mp3
08-ice cream-helista mulle mobiilile-estmp3.mp3
08-Rullnokad-Hüppa Ja Peki-estmp3.mp3
09-n euro-kopli karneval-estmp3.mp3
09-Rullnokad-Tattoo-estmp3.mp3
10-mari-liis-tee mida tahad-estmp3.mp3
11-lucy and annely-talvelaul-estmp3.mp3
12-nightlight duo-mida suvi teinud on-estmp3.mp3
13-rullnokad-normaalne (talve mix)-estmp3.mp3
13-Rullnokad-Ole Minu Tibi-estmp3.mp3
14-strawberry-salaja-estmp3.mp3
15-jüri homenja-sorry make up (dance mix)-estmp3.mp3
16-maria kirsi-ma armastan sind nii-estmp3.mp3
17-pasadena-ennast kaotan-estmp3.mp3
18-felice-oota veel-estmp3.mp3
19-blind-emmanuelle-estmp3.mp3
2 EIVISSA-Meaning.mp3
2 Eivissa-Move Your Body.mp3
20-helen tartes-hullunud-estmp3.mp3
3 A.M. (Scooter) - Nessaja [Topmodelz Remix].mp3
4 Clubbers - Children (2002 rmx).mp3
666-6th gate.mp3
666-Alarma!.mp3
666-Amokk.mp3
666-Bomba!.mp3
666-Devil.mp3
666-Diablo.mp3
666-Paradoxx.mp3
666-Supadupafly.mp3
Ace Of Base - All That She Wants.mp3
Ace of Base - Always Have, Always Will.mp3
Ace of Base - Angel Eyes.mp3
Ace of Base - Beautiful Life.mp3
Ace Of Base - Beautiful Morning.mp3
Ace of Base - Cest La Vie.mp3
Ace Of Base - Cruel Summer.mp3
ace of base - dancer in a daydream.mp3
Ace of Base - Don't Turn Around.mp3
ace of base - everytime it rains.mp3
Ace Of Base - Happy Nation.mp3
Ace of Base - I Saw The Sign.mp3
Ace Of Base - Life Is A Flower.mp3
Ace of Base - Lucky Love.mp3
Ace Of Base - Never Gonna Say I 'm Sorry.mp3
ace of base - the sign (ultimix).mp3
Ace of Base - The Sign.mp3
ace of base - young and proud.mp3
Aguagen Dj alligator Dj Balloon Lafthouse-Mix.mp3
Alcazar-Almost Famous.mp3
Alcazar-Breaking Free.mp3
Alcazar-Crying at the discotheque.mp3
Alcazar-Don't leave me alone.mp3
Alcazar-Don't you want me.mp3
Alcazar-Seasons in the sun.mp3
Alcazar-Sexual Guarantee.mp3
Alcazar-Tears of a clone.mp3
Alcazar-Transmetropolis.mp3
Alexia - Because I Miss You.mp3
Alexia - Dimmi come(Live Sanremo 2002).mp3
Alexia - Number One.mp3
Alexia - The Summer is Crazy.mp3
Alexia - Tiamo ti amo.MP3
Alexia - Uh La La La.mp3
Alexia & Double You-Me and You.mp3
Alexia and Collage-I Want to Be With You Tonight.mp3
Alexia-Gimme Love.mp3
Alice Cooper - Ballad Of Dwight Fry.mp3
Alice Cooper - Bed Of Nails.mp3
Alice Cooper - Billion Dollar Babies.mp3
Alice Cooper - Desperado.mp3
alice cooper - dragontown.mp3
Alice Cooper - Elected.mp3
Alice Cooper - Generation Landslide.mp3
Alice Cooper - Go To Hell.mp3
Alice Cooper - Hello Hurray .mp3
Alice Cooper - Hey Stupid.mp3
Alice Cooper - House Of Fire.mp3
Alice Cooper - I Never Cry.mp3
Alice Cooper - I'm Eighteen.mp3
Alice Cooper - No More Mr. Nice Guy.mp3
Alice Cooper - Poison.mp3
Alice Cooper - Schools Out For Summer.mp3
Alice Cooper - Under My Wheels.mp3
Alice Cooper & Rob Zombie - Feed my Frankenstien.mp3
Alice Cooper & Vincent Price - Black Widow.mp3
Alice Deejay feat Dj Jurgen-I Can See It in your eyes.mp3
Alice deejay vs Dj jurgen-Higher.mp3
Alice Deejay vs. Floorfilla-Everything begins with Anthem.mp3
Alice Deejay-Better off alone.mp3
Alice Deejay-It's A Fine Day.mp3
Alice Deejay-want you back i my life.mp3
Alice Deejay-Will I Ever.mp3
Alice Dj-Better off alone.mp3
Alvin and the Chipmunks- Jingle Bell Rock.mp3
Antiloop - Analogue Relaxation.mp3
Antiloop - Believe.mp3
Antiloop - In My Mind.mp3
Antique - 03 - Kainourgia agapi.mp3
Antique - Die for you.mp3
Antique - Dinata Dinata.mp3
Antique - Follow Me.mp3
Antique - Me logia ellinika.mp3
Antique - Mera me ti mera.mp3
Antique - Opa Opa.mp3
Antique - Se Thello.mp3
Antique-Mou Lipis.mp3
Antique-Ti se noiazi.mp3
Aqua-Around The World.mp3
Aqua-Barbie Girl (german).mp3
Aqua-Barbie Girl.mp3
Aqua-Calling you.mp3
Aqua-Candyman.mp3
Aqua-Doctor Jones.mp3
aquagen - Capricorn.mp3
Aquagen - Hard to say I m sorry (radio edit).mp3
Aquagen - Summer Is Calling.mp3
Aquagen ft Rozalla - Everybody's Free.mp3
AQUAGEN,DJ ALLIGATOR,BALLON,LAFTHOUSE  - Overdose (1).mp3
Aqua-Good Morning Sunshine.mp3
Aqua-My Oh My.mp3
Aqua-Roses are red (remix).mp3
Aqua-Tarzan and jane.mp3
ATB & Effiel 65 - Put Your Hands Up In The Air.mp3
ATB vs ALICE DJ-The Matrix Theme.mp3
ATB-Dedicated.mp3
ATB-DON'T STOP.mp3
ATB-Emotion.mp3
ATB-Hold You.mp3
ATB-Killer 2000.mp3
ATB-The First Tones.mp3
ATB-Too Much Rain Over Paradise.mp3
ATB-Underwater World.mp3
ATB-Zwischenstück.mp3
Ayla-slower version.mp3
Ayla-slower version.mp3
Baccara - cara mia.mp3
Baccara - Granada.mp3
Baccara - Hit-mix.mp3
Baccara - Koochie-koo.mp3
baccara - moonlight shadow.mp3
Baccara - Parlez-Vous Francais(Eurovision 1978).mp3
Baccara - Touch Me.mp3
Baccara - Yes Sir, I Can Boogie.mp3
Baccara- Yummy, Yummy, Yummy.mp3
Bad Boy Blue - Megamix.mp3
Bad Boys Blue - Baby Blue.mp3
Bad Boys Blue - Bad Boys Best 2001 - 01 - You're AWoman.mp3
Bad Boys Blue - Bad Boys Best 2001 - 20 - House Of Silence.mp3
Bad Boys Blue - Hold Me in Your Arms.mp3
Bad Boys Blue - Hungry For Love.mp3
Bad Boys Blue - I like chopin.mp3
Bad Boys Blue - I Wanna Hear Your Heartbeat.mp3
bad boys blue - i'm never gonna fall in love again.mp3
Bad Boys Blue - Lady In Black.mp3
Bad Boys Blue - Never never.mp3
Bad Boys Blue - Save Your Love.mp3
Bad Boys Blue - Sunday Girl.mp3
bad boys blue - take a chance.mp3
Bad Boys Blue - Totally Miss You.mp3
Bad Boys Blue vs Modern Talking'98.mp3
Bad company - Champion Sound.mp3
Barcode Brothers - Flute.mp3
Bartez - On the Move.mp3
Bartezz - Infected.mp3
BARTHEZ  - On The Move.mp3
Barthezz - On The Move [Radio Mix].mp3
beethoven - fur elise (trance remix).mp3
Belinda Carlisle - Heaven Is A Place On Earth.mp3
best b4 - Ma armastan luuserit.mp3
Best B4 - Suve Tuliseid Tundeid Toidab.MP3
betoonking - Chillout Squad.mp3
Blümchen-Blaue Augen.mp3
Black & Jones - Secrets and Lies.mp3
Black Spider - Save your life (Warp Brothers RMX).mp3
Blank & Jones - Dj Culture.mp3
blank and jones - djs fans and freaks.mp3
Blank and Jones - Flying to the Moon.mp3
Blank And Jones-Cream.mp3
blank and jones-desire  rave mix.mp3
Blue System - 6 Years 6 Nights.mp3
Blue System - Hitmix (unveröffentlicht).mp3
blue system - it's ecstasy (2000 trance club mix).mp3
Blue System - Lucifer.mp3
Blue System - Only With You.mp3
Blue System - Polish non-stop mix.mp3
Blue System - Talk to me.mp3
Blue System - Taxi Girl.mp3
Blue System - Walking On A Rainbow - 06 - Emanuelle.mp3
Blue System-Body To Body.mp3
Blue System-Gangster love (Maxi version).mp3
Blue System-Laila.mp3
Blue System-Love me more.mp3
BLUE SYSTEM-ROMEO & JULIE.mp3
Blue System-Shades of Blue.mp3
Blue System-Sorry Little Sarah.mp3
Blue System-You are an Angel.mp3
Blümchen - Ist Deine Liebe Echt (Disco 2000 Radio Mix).mp3
Blümchen Vs E-Type - Es Ist Nie Vorbei (Radio Edit).mp3
Blümchen-Boom Boom.mp3
Blumchen-Nur Getrõumt.mp3
Blümchen-Unter'm Weihnachtsbaum.mp3
Bomfunk Mc's - Megamix.mp3
Boney M - Daddy Cool.mp3
Boney M - Feliz Navidad.mp3
Boney M - Hooray Hooray it's a Holiday.mp3
Boney M - Rivers Of Babylon.mp3
Boney M vs Sash - Ma Baker.mp3
Bony M - Rasputin.mp3
BOOMFUNK MC's - B-Boys + Flygirls.mp3
Bossom - I Belive.mp3
Bravo Hits 37   DJ Visage - Dance (1) (1).mp3
Brenda Lee - Rocking Around The Christmas Tree.mp3
Brooklyn Bounce - Born To Bounce .mp3
Brooklyn Bounce - Club Bizarre (Radio Edit).MP3
Brooklyn Bounce - Dreamdance (DJ Quicksilver Remix) .mp3
Brooklyn Bounce - Dreamdance.mp3
Brooklyn Bounce - Loud and proud.mp3
brooklyn bounce - Techno House Rave.mp3
C.O.P. Project-Pornostar.mp3
Camel Music - Arabian Dance.mp3
Captain Jack - Captain Jack~96B.mp3
Captain Jack-Captain Jack.mp3
Captain Jack-Dream a Dream (Miami booty mi.mp3
Captain jack-Get up ! [radio dance mix].mp3
Captain Jack-In The Navy 2000.mp3
Captain Jack-Only You.mp3
CC Catch - Are You Man Enough.mp3
CC Catch - Backseat of your Cadillac.mp3
CC Catch - Cause You Are Young.mp3
CC Catch - Fire Of Love.mp3
CC Catch - Passion (1).mp3
CC Catch - Smokey Joe's caffe.mp3
CC Catch - Stay.mp3
CC Catch - Tears Won't Wash Away.mp3
CC Catch - Tonight.mp3
Celia Cruz & Johnny Pacheco - Cucala.mp3
Celia Cruz & La Sonora Matancera - Cuando sali de Cuba.mp3
Christmas - Elvis Presley - The First Noel.mp3
Christmas - Jingle Bells (Techno Remix).mp3
Christmas Carols- Mariah Carey- Silent Night.mp3
Christmas Dance Mix (2).mp3
Christmas Mix.mp3
Christmas Songs - Bing Crosby - Santa Claus Is Coming To Town.mp3
Christmas Songs - Bobby Helms - Jingle Bell Rock.mp3
CHRISTMAS SONGS - Elvis Presley - Winter Wonderland.mp3
Christmas Songs-Bing Crosby - Let It Snow.mp3
Chuck Berry - Run Run Rudolf.mp3
CLUB; DANCE Wham! - Last Christmas [techno mix].mp3
Clutch feat. Beha - The Light.MP3
Cocteau Twins - Frosty The Snowman.mp3
Code One - On Küll Hilja.mp3
Cosmic Gate - Exploration Of Space (Green Court Mix).mp3
Cosmic Gate - Melt To The Ocean (1).mp3
Cosmic Gate - Melt To The Ocean.mp3
Cosmic Gate - World In My Eyes.mp3
Cosmic Gate-Back To Earth.mp3
Cosmic Gate-The Wave -21stcentury.mp3
Counter-Strike - Maxmix - Countdastrikingbeat(Counterstrike).mp3
Da Buzz - Let me love you tonight.mp3
Dance Dance Revolution-Sky High.mp3
Dance Mix - Master Zap - Xmas (Techno Christmas).mp3
Dance Music - 80s & 90's Club Mega Mix.mp3
Dance Music - 80s & 90's Club Mega Mix.mp3
Dario G - Carnaval De Paris.mp3
Dario G - Dreams.mp3
Dario G - Life In A Northern Town (Remix).mp3
Dario G - Sunchyme.mp3
dario g-heaven is closer.mp3
darude - calm before the storm.mp3
Darude - Ecstacy.mp3
darude - hard trance.mp3
darude - Sand Storm (Original Mix).mp3
darude - tear apart.mp3
Darude vs Klubbheads - Sandstorm (Dance Mania Remix).mp3
Daze - Tamagotchi.mp3
Daze- Superhero Lover.mp3
Dee Dee (Ian Van Dahl)-Forever.mp3
demo.mp3
demo.mp3
Dj  Visage - Super nova (Tecno dance).mp3
Dj agostino vs Floorfilla.mp3
DJ Aligator feat. Dr Alban.mp3
DJ Aligator Project - Blow my Whistle Bitch (1).mp3
DJ Aligator Project - Blow my Whistle Bitch.mp3
DJ Aligator Project - Blow my Whistle Bitch.mp3
DJ Aligator Project - Bounce 2 This (tehno).mp3
DJ Aligator Project vs.mp3
Dj Aligator-Stomp.mp3
dj alligator project - stomp! ( single )  01 ( radio edit ).mp3
dj balloon - Tillmann Uhrmacher.mp3
DJ Balloon-Techno Rocker.mp3
dj boozy woozy - Escapades.mp3
dj boozy woozy - Party Affair (Radio Edit).mp3
Dj Boozywoozy - Booze It Up!-10-Are You Ready-.mp3
DJ Boozywoozy - Booze It Up.mp3
Dj Boozywoozy - Jumpin  Around.mp3
DJ Boozywoozy - One More Try.mp3
DJ BoozyWoozy - Party Affair .mp3
DJ Boozywoozy -Drunken Monkey.mp3
DJ Cerla - Sahara Rave (Remix).mp3
Dj Cerla (www.mdw.da.ru)-Yo DJ (Extended Mix).mp3
DJ Cool - Clear My Throat.mp3
DJ Dawn - January 2002.mp3
DJ DEMON ( CHRISTMAS BUBBLING BATTLE MIX ) the old stala.mp3
Dj Epic - Heaven is a  Place on Earth.mp3
DJ Floorfilla - This Way I Get Down.mp3
Dj Jean Vs Da Hool - Progressive House.mp3
DJ Kosmonova - Heaven's Gate.mp3
DJ Kosmonova - Take Me Away (Club Mix).mp3
DJ Miko  What's up 2000.mp3
DJ Mystik - butterfly DDR.mp3
Dj Quicksilver - Electronic Pleasure.mp3
Dj Quicksilver - free (club mix).mp3
DJ Quicksilver Meets Shaggy - Boombastic.class.mp3
DJ RPM - Poppin da Bazz [Gambas Rmx].mp3
DJ Taboo - Breakgazmz 09 - Bass In The Place.mp3
DJ Taylor & Flow-God Danced (Radio Edit).mp3
Dj Tehnik-Brooklyn Bounce [ultra mix].mp3
DJ Tomcraft & Sunbeam - DJ Tomac - Overdose.mp3
dj tonka - security.mp3
DJ Valium - Bring The Beat Back.mp3
DJ Valium - Doin It Again.mp3
DJ Valium - Go Right For ().mp3
DJ Valium - Omen III.mp3
DJ Valium Feat. Michael Zager - Let's All Chant 2002.mp3
dj visage - formula '98.mp3
dj visage-the return.mp3
dj x - 2 Quick Start Complete Megamix.mp3
Dj. Spades & Darude Feat. Dj. Quicksilver & Aquagen  -.mp3
DJ's @ Work - Fly with me [Ahhhmp3s.com].mp3
DJs at Work - Fly With Me (to the stars) .mp3
DJ's at Work - Someday (1).mp3
DJ's@Work - Time 2 Wonder (Extended Mix).mp3
DJX ja sSbrad-Kooliaeg(no küll on tähed).mp3
Dr Bombay - SOS (The Tiger Took My Family).mp3
Dr. Alban - It's My Life.mp3
Dr. Alban - Let The Beat Go On.mp3
Dr. Alban - Long Time Ago .mp3
Dr. Alban-Away From Home.mp3
Dr. Bombay - calcutta.MP3
Dr. Bombay - Safari.mp3
Drunken Monkey - E (DJ Boozywoozy Mix).mp3
Drunken Monkeys - E.mp3
E- ROTIC-Sexual Madness.mp3
Eiffel 65 - Blue.mp3
Eiffel 65 - Move Your Body.mp3
Eiffel 65 - Silicon World.mp3
Eiffel 65 - Too Much Of Heaven.mp3
Eminem - 04 - Cleanin Out My Closet - music-madness.mp3
Emma Townshend - We Can Fly Away.mp3
E-Rotic - Cat's Eye.mp3
E-Rotic - Dr. Love.mp3
E-Rotic - Falling for a witch.mp3
e-rotic - fritz love my tits.mp3
E-Rotic - Give Me Good Sex.mp3
E-rotic - Max don't have sex with your ex.mp3
E-Rotic - Moonlight Shadow.mp3
erotic - sex on the phone.mp3
E-Rotic - Shut Up (And Sleep With Me).mp3
E-rotic - Take my love.mp3
e-rotic - tears in your blue eyes.mp3
E-Rotic - Wild Love (1).mp3
e-rotic - Wish You Were Here.mp3
E-Rotic- KissMe.mp3
E-Rotic-Don't Go.mp3
E-Rotic-Erotic Dreams.mp3
E-Rotic-Gimme Gimme Gimme.mp3
E-Rotic-In The Heat Of The Night [Ful.mp3
E-Rotic-King Kong.mp3
E-Rotic-Lay All Your Love On Me.mp3
E-Rotic-Oh Nick Please Not So Quick.mp3
E-Rotic-Willy Use A Billy Boy.mp3
E-Type - Banca Banca.mp3
E-Type - Calling Your Name.mp3
E-Type - Here I Go Again.mp3
E-Type - I Just Wanna Be With You.mp3
E-Type - Princess Of Egypt.mp3
E-type - Set the world on fire.mp3
E-Type feat. Nana-Africa.mp3
E-Type-Life.mp3
E-Type-Until The End.mp3
Faith Hill - Where Are You Christmas.mp3
Faithless - God Is A DJ (CD version).mp3
Faithless-Insomnia.mp3
Faithless-One Step Too Far.mp3
Faithless-We Come One.mp3
Fancy - Bolero.mp3
Fancy - Disco.mp3
Fancy - Flames Of Love.mp3
Fancy - Hitmix 98.mp3
Fancy - Lady Of Ice.mp3
Fancy - Slice Me Nice.mp3
Fancy - Wild thing.mp3
FANCY-Chinese Eyes.mp3
Female - Lambada (cancun 2001 remix).mp3
Ferry Corsten System F-Cosmic Gate - Fire Wire (DJ S.mp3
Ferry Corsten System F-DJ Ti sto - Flight 643 (Origi.mp3
FIESTA RIDDIM) REFIX SIZZLA - WHAT DAT dem a gwan wid.mp3
Final Fantasy - I close my eyes (techno trance remix).mp3
Fix-Viimane mohhikaanlane.mp3
floorfilla - anthem #1.mp3
Floorfilla - Anthem #2.mp3
Floorfilla - Anthem #6.mp3
Floorfilla - Anthem 5.mp3
Floorfilla - Anthem#4.mp3
Floorfilla - Dance Floor Killer (Club Mix).mp3
Floorfilla - Italodancer.mp3
Floorfilla - Le Delire.mp3
Floorfilla - Megamix.mp3
Floorfilla - Techno Romance.mp3
Floorfilla-Anthem #3.mp3
Florfilla - Anthem Megamix .mp3
foggy - Take the future come (into my dream) Pulsedriver RM.mp3
Forever.mp3
Fragma-I need a miracle.mp3
French Affair - Do What You Like.mp3
French Affair - Je Ne Sais Pas Pourquoi.mp3
French Affair - My Heart Goes Boom.mp3
French Affair - Sexy.mp3
French Affair - What Do You Like [house remix] (1).mp3
From Dusk Till Down - Dark Night.mp3
From Dusk till Down - Pussy Lovers.mp3
Fruit De La Passion-Tic Tic Tac.mp3
GASP - Heaven is a place on earth (mad mix).mp3
German Techno - Best German Trance.mp3
GG Dagostino - sweetly.mp3
Gigi D  Agostino - I ll fly with you.mp3
Gigi DŽAgostino - Sex Alarm.mp3
Gigi D'Agostino - Another Way.mp3
Gigi D'Agostino - Bla Bla Bla.mp3
Gigi d'Agostino - La Mix Toujours - The Megamix.mp3
Gigi D'Agostino - La Passion.mp3
Gigi D'agostino - L'amour toujours (single edit).mp3
Gigi D'agostino - L'amour toujours (single edit).mp3
Gigi d'agostino - sottosopra.mp3
Gigi d'agostino - Souvenir.mp3
Gigi D'Agostino - Super.mp3
Gigi D'Agostino - Super.mp3
Gigi D'Agostino - The Riddle.mp3
Gigi D'Agostino - Un Giorno Credi (Remix).mp3
gigi d'agostino - you spin me round.mp3
Gigi Dagostino vs. Mauro Picotto - Angel's Symphony.mp3
Gigi Dagostino vs. Mauro Picotto - Angel's Symphony.mp3
Gigi dagostino-gino beats mix.mp3
Gina G - Ooh Aah Just A Little Bit.mp3
Gina G - Ti Amo (dance remix).mp3
Gregorian - Join Me.mp3
gregorian - Moment of Peace.mp3
Groove Coverage  (CR I.) - God Is A Girl.mp3
Groove Coverage - Hit me (club mix).MP3
Groove Coverage - Moonlight Shadow (Club Mix).mp3
Groove Coverage - Moonlight Shadow.mp3
Harry Connick, Jr. - sleigh ride.mp3
Heli Lääts-Kaunid baleriinid.mp3
Hide U vs Flight 643 - Kosheen vs Dj Tiesto (bootleg Mix).mp3
Highland - Se Tu Vuoi.mp3
Home Alone Soundtrack- I'm Dreaming of a White Christmas.mp3
Ian Van Dahl - Castles In The Sky.mp3
Ian Van Dahl - Castles In The Sky.mp3
ian van dahl - Reason (Radio Edit).mp3
ian van dahl - Reason (Radio Edit).mp3
Ian Van Dahl - Will I (Radio Edit).mp3
Ian Van Dahl - Will I (Radio Edit).mp3
Ian Van Dahl - Will I [ Extended Mix ].mp3
Ian Van Dahl - Will I [ Extended Mix ].mp3
Ice MC - It's A Rainy Day.mp3
Ice MC - Run Fa Cover (fet. Alexia).mp3
Ice Mc - Russian Roulette.mp3
Ice Mc feat. Alexia - Russian Roulette.mp3
Ice MC-Think About The Way.mp3
imperio - atlantis.mp3
Imperio - Nostra Culpa.mp3
Incubus Succubus-Vampyre Erotica.mp3
Injected-Faithless.mp3
Jam & Spoon - Be Angeled (Paul van  Dyk Club mix).MP3
Jam & Spoon - Kaleidoscope Skier.mp3
Jam & Spoon - Right In The Night.mp3
Jan Wayne - Because the Night Radio Edit.mp3
Jan Wayne - Only You (Radio Edit)(1).mp3
Jan Wayne meets Lena-Total Eclipse Of The Heart.mp3
Jocelyn Enriquez-Do You Miss Me (Remix).mp3
joy - the christmas mix.mp3
Jüri Homenja - Hüüa -'Mind'.mp3
Jüri Homenja - Keegi ikka ootab.mp3
Jüri Homenja - Mami blue.mp3
Jüri Homenja - Mine mu arm.mp3
Jüri Homenja - Minu elu.mp3
Jüri Homenja - On siiski hea.mp3
Jüri Homenja - Park.mp3
Jüri Homenja - Sa vaata mind.mp3
Jüri Homenja - Saada üks pilk minu südamesse.mp3
Jüri Homenja - Saatuslik.mp3
Jüri Homenja - Sinu jaoks.mp3
Jüri Homenja - Tunnen end kui Buddy Holly.mp3
Justament-Parve Peeter.mp3
Kai Tracid  - Trance and Acid [SpecDrum].mp3
Kai Tracid - Dance For Eter.mp3
Kai Tracid - Life Is Too Short (Radio Edit).mp3
Kai Tracid - Tiefenrausch.mp3
Kai Tracid Derb - Derb (Derbus).mp3
Kai Tracid-Liquid Skies.mp3
Kalmer Tennosaar-Konna kosjad.mp3
Karavan - Talve Võlumaa.mp3
keb' mo' - Jingle Bell Rock.mp3
Ken Laszlo - Don't Cry.mp3
Ken Laszlo - Don't Cry.mp3
Ken Laszlo - Everytime.mp3
Ken Laszlo - Italo Dance Classic.mp3
ken lazlo - Tonight 2000.mp3
KINTARO - Amir Afergan-HaTikva - Israeli Anthem.mp3
Klaarika Kuusk-VSilill.mp3
Klubbheads - Big bass bomb (dj boozy woozy remix).mp3
Klubbheads - Hiphoppin'.mp3
Klubbheads - Let The Party Begin.mp3
Komodo vs Safri Duo - Fly Away In The Mix.mp3
KONAMI-E-ROTIC - DO IT ALL NIGHT.mp3
Kosheen - Hide U (Trance mix) (2).mp3
Kosmonova - Take Me Away.MP3
La Bouche - Another Night Another Dream.mp3
La Bouche - I love to love [Eurodance].mp3
La Bouche - Mr. Vain.mp3
La Bouche - Sweet Dreams.mp3
La Bouche - Where Do You Go.mp3
La Bouche- Rhythm is a Dancer.mp3
la bouche-be my lover (club mix).mp3
La Bouche-Le Click - Tonight is the Night [Dance Mix] (1).mp3
La cream - you.mp3
La Cream-Bells Of Life.mp3
Let's Party - Jive Bunny.mp3
Limb Bisket - Rollin.mp3
Limp Bizkit - Break Stuff.mp3
Limp Bizkit - Faith.mp3
Limp Bizkit - My Way.mp3
Limp Bizkit - Take A Look Around.mp3
lindenDisco  Christmas Dance Mix 2000.mp3
Loona - Baila Mi Ritmo (1).mp3
Loona - Bailando.mp3
Loona - Bailando.mp3
Loona - Latino Lover.mp3
Loona - Rhythm of the night .mp3
Loona - Viva El Amor.mp3
Looney Tunes Christmas Santa Clause Is Coming To Town.mp3
Love Songs - 98 Degrees - This Gift.mp3
Mabel - Bum bum (1).mp3
Mabel - Disco disco.mp3
Mabel - For your love I will do anything.mp3
mabel - Hey Girl Extended Mix).mp3
Mad House - Like A Prayer (Extended Version).mp3
madhouse - Holiday.mp3
Mad'house - Like a Prayer.mp3
Mad'house - Like a Prayer.mp3
Mad'House-Holiday.mp3
Mad'House-La Isla Bonita {Only At EuroA.mp3
Mad'house-like a prayer.mp3
Madonna - The Erotic Megamix (Funkymix Remix).mp3
Madonna-Like a virgin.mp3
Madonna-Like a virgin.mp3
Magic Box - Carillon [Gigi D'Agostino Remix].mp3
MANDY   RANDY - MANDY.mp3
Marco V - Godd (original).mp3
marco v. - godd (original mix).mp3
maria callas - carmen.mp3
Mariah Carey - All I Want For Christmas Is You.mp3
mariah carey - o holy night (1).mp3
mario piu & mauro picotto - imperiale.mp3
Mario Piu & Mauro Picotto - Regalo.mp3
Mario Piu & Mauro Picotto - Serendipity.mp3
Mario Piu' & Mauro Picotto - Spectra.mp3
Mario Piu & Mauro Picotto - Trippin On E.mp3
Mark'Oh meets Digital Rockers - Because I love you.mp3
Mati Nuude-Tahan olla sulle hell.mp3
Mauro Piccoto & Mario Piu-Arabian Pleasure.mp3
Mauro Picotto - Komodo.mp3
mauro picotto - Pulsar 2002 (Megamind Mix).mp3
Mauro Picotto - Pulsar.mp3
mauro picotto - the best trance anthems ever l.mp3
Mauro Picotto - Ultimahora Ibiza.mp3
Mauro Picotto-Iguana.mp3
MAX BYGRAVES - MIX ALONG A MAX XMAS MEDLEY.mp3
MC MARIO 2000 - 2 EIVISSA - I WANNA BE YOUR TOY.MP3
Me & My - Dub I Dub [Radio Mix].mp3
Me & My - Fly High (DJ Aligator Remix).mp3
Me&my baby boy.mp3
Megamix Studio 33 - Deep house dance mix 01.mp3
Meie Mees - Sinine Vilkur.mp3
Meie Mees-Tütreke second hand.mp3
Ministry of Sound - 12 Stoned Trance - Thermbee & Stratosphere.mp3
Modern Talk - China In Her Eyes.mp3
Modern Talking - 10 seconds to countdown.mp3
modern talking - brother loui (full version).mp3
Modern Talking - Brother Louie (98 remix).mp3
modern talking - Brother Louie (Original 12inch version).mp3
Modern Talking - C.C.Catch, Bad Boys Blue, Fancy, Modern Talking (Remix 2001)(1).mp3
Modern Talking - Cheri Cheri Lady (1).mp3
Modern Talking - China in her Eyes.mp3
Modern Talking - China In Your Eyes (Ext.version).Mp3
Modern Talking - cosmic girl.mp3
modern talking - diamonds never made a lady.mp3
Modern Talking - Don't make me blue.mp3
modern talking - Electrify My Heart.mp3
Modern Talking - Greatest 80's Mix 1.mp3
Modern Talking - Greatest 80's Mix 3.mp3
Modern Talking - Hit Dance Mix.mp3
Modern Talking - I'm Gonna Be Strong .mp3
Modern talking - it's christmas (happy new year '99 mix).mp3
Modern Talking - Jet airliner.mp3
Modern Talking - Juliet (1).mp3
modern talking - Juliet.mp3
Modern Talking - Last Exit To Brooklyn.mp3
modern talking - love don't live here anymore (1).mp3
Modern Talking - New York City Girl.mp3
Modern Talking - Platinium Mix 2000.mp3
Modern Talking - Ready For The Victory (1).mp3
Modern Talking - Sexy, Sexy Lover.mp3
Modern Talking - SMS To My Heart.mp3
Modern Talking - We Take The Chance.mp3
modern talking - When The Sky Rained Fire (Victory 2002) (1).mp3
Modern Talking - Win The Race .mp3
Modern Talking - You Can Win If You Want.mp3
Modern Talking - You're my heart youre my soul mix 98.mp3
modern talking - you're the lady of my heart.mp3
modern talking feat. scooter - win the race (long version).mp3
Modern Tolking - Sweet Little Sheila.mp3
Modren Talking - Atlantis Is Calling.mp3
Morgana-Never Gonna Make [Factory Tea.mp3
mr. president - Up'n Away 2000 (DJ Aligator Extended Remix).mp3
MROLI - Christmas MegaMix1998.mp3
Music Instructor - Breakdance.mp3
Music Instructor Feat. Dean - Super Fly.mp3
Music Instructor-Get freaky.mp3
Music Instructor-Super Sonic.mp3
My Christmas List - Simple Plan.mp3
Mythos'n DJ Cosmo - Hymn.mp3
n trance - set you free.mp3
N Trance - Stayin Alive (Dance Remix).mp3
n trance-forever.mp3
N.Y.C. Underground Party Vol.4 - Mixed by Louie Devito.mp3
N.Y.C.C - Fight For Your Right.mp3
N.Y.C.C - Highway to Hell.mp3
Neja - Back 4 The Morning.MP3
Neja - Back For The Morning.mp3
Neja - Fairytale.mp3
neja - time flies.mp3
NEK - La Vita E`(Eiffel 65 Mix).mp3
Nelly feat Kelly Rowland - Dilemma.mp3
Nelly Furtado - Fly Away.mp3
Nemo ja Kersti Rosenberg-Figaro.mp3
NEW BACCARA-FANTASY BOY.mp3
Nickelback - 02 - Never Again.mp3
No Doubt - Bathwater.mp3
No Doubt - Don't Speak.mp3
No Doubt - Ex-Girlfriend.mp3
No Doubt - Hey Baby [New Song!].mp3
No Doubt - Im Just A Girl.mp3
No Doubt - In My Head.mp3
no doubt - it's the end of the world as we know it.mp3
No Doubt - New.mp3
No Doubt - Oi To The World.mp3
No Doubt - Platinum Blonde.mp3
No Doubt - Simple Kind of Life.mp3
No Doubt - Spiderwebs.mp3
No Doubt - Sunday Morning.mp3
No Doubt - Total Hate.mp3
No Doubt - Trapped In A Box.mp3
No Doubt - Underneath It All.mp3
No Doubt- Hella Good (NO Loops,baby).mp3
NO DOUBT, Hella Good, 4-02.mp3
No Light Duo - Jäljed Lumes.mp3
No Mercy - Please don't go.mp3
No Mercy - Where Do You Go.mp3
Novaspace - Guardian Angel(Radio Edit).mp3
Novaspace RTL2 - Time after Time.mp3
Novaspace- To France.mp3
O Fortuna-Higland.MP3
paffendorf - allnight.mp3
paffendorf - allnight.mp3
Paffendorf - Be Cool - (Radio Edit).mp3
Paffendorf - Crazy Sexy Marvellous (Radio Mix) .mp3
Paffendorf - Everybody Scream.mp3
Paffendorf - Where Are You.mp3
Paffendorf & E-Type & Kosmono-Euromix 2000 Paffendorf E-Typ.mp3
Paffendorf-Allnight (Pulsedriver Remix).mp3
Paffendorf-Call Me Now.mp3
Paffendorf-Crazy Sexy Marvellous (Club Mix).mp3
Paradisio - Bailando.mp3
Paradisio-Tu Y Yo A La Fiesta.mp3
Party - (Techno Trance 2000 Remix.mp3
Passion Fruit - Sun Fun Baby.mp3
Passion Fruit - The Rigga-Ding-Dong-Song.mp3
Paul Oakenfeld - Delirium - The Silence 2000-DJ(tiesto remix.mp3
Paul van Dyk - We are alive (DJ Icey s Arctic Bass Mix) .mp3
Pharao-There Is A Star.mp3
Pixie Twins - Valgus Ja Varjud - 01 - Raske loobuda.mp3
Pixie Twins - Valgus Ja Varjud - 02 - Valgus Ja Varjud.mp3
Pixie Twins - Valgus Ja Varjud - 03 - Kiirelt Möödub Aeg.mp3
Pixie Twins - Valgus Ja Varjud - 04 - Sulen Silmad.mp3
Pixie Twins - Valgus Ja Varjud - 05 - Sinuga Koos.mp3
Pixie Twins - Valgus Ja Varjud - 06 - Vaba Hing.mp3
Pixie Twins - Valgus Ja Varjud - 07 - Vaikiv Lumi.mp3
Pixie Twins - Valgus Ja Varjud - 08 - Sinu Lummuses.mp3
Pixie Twins - Valgus Ja Varjud - 09 - snnest Unistan.mp3
Pixie Twins - Valgus Ja Varjud - 10 - Liblikas.mp3
Pixie Twins - Valgus Ja Varjud - 11 - Olles Sinuga.mp3
Pixie Twins - Valgus Ja Varjud - 12 - Lootes Unistusele.mp3
Pixie Twins - Valgus Ja Varjud - 13 - Öö VSib Teiseks Muuta Meid.mp3
Pixie Twins - Valgus Ja Varjud - 14 - Happy End.mp3
Playahitty - 123 Train With Me.mp3
Porky Pig - Blue Christmas.mp3
PPK - Resurection (1).mp3
PPK - Resurection.mp3
Prezioso - Let's Talk About A Man [Radio Edit Rip].mp3
Prezioso - Let's Talk About A Man [Radio Edit Rip].mp3
Prezioso feat. Marvin - Emergency 911 (Club Mix).mp3
Prezioso feat. Marvin - Rock The Discothek (Club Mix).mp3
Prezioso feat. Marvin-Somebody.mp3
Public Domain Vs Mauro Picotto - Operation Lizard.mp3
Pulsedriver - Cambodia (A1 Green Court Remix).mp3
Pulsedriver - Koma (Club Mix).mp3
Pulsedriver - Take You High (Radio Edit).mp3
pulsedriver - Time (Promo).mp3
PUNK COVER - Vandals - Dance Of The Sugar Plum Fairies.mp3
Punk Covers - No Doubt -Come on Eileen (80's cover).mp3
RADIORAMA - danger.mp3
radiorama - vampires.mp3
Rakim-Truth Hurts.mp3
Rank 1 - Awakening (Cosmic Gate Rmx).mp3
Rap Allstars - Last Christmas.mp3
Rave Techno ATB-Don't Stop Remixes(Sash Remix).mp3
Revil O feat Lara - Fly Away (Radio mix).mp3
Revil O. feat. Lara - Fly away.mp3
rHY[tm]-Aqua - Barbie Girl [rhyMIX].mp3
Righeira - Vamos A La Playa.mp3
Rimini Project - Movin Around.mp3
Rimini Project - Scream my name (Extended remix).mp3
Rimini Project - Sounds Good (Club Alarm Mix).mp3
Rimini Project - To be or not to be (Extended mix).mp3
Rimini Project f. Sarah K - Wake Up (remix).mp3
Rimini Project Feat. Sarah K - Wake up.mp3
Robert Miles - Children 2000 (Trance Remix).mp3
Robin S - Show me love 2002 (DJ Tonka Club Mix).mp3
Rocco - Drop The Bass (Radio Mix).mp3
Rollergirl - Eternal Flame ( Radio Luv Version ).mp3
rollergirl - Geisha Dreams Melino Radio Edit.mp3
rollergirl - it's a fine day.mp3
Rollergirl - Luv U More.mp3
Rollergirl-Eternal Flame (Techo-dance mi.mp3
Rollergirl-Eternal Flame.mp3
Russian Techno 2.mp3
safri duo - snakefood.mp3
Sandra - Around my heart '99.mp3
Sandra - Around my heart '99.mp3
sandra - don't be aggressive.mp3
Sandra - Everlasting Love.mp3
Sandra - Moonlight shadow.mp3
Sandra - Moonlight shadow.mp3
Sandra - Such A Shame 2002.mp3
Sash - Stay.mp3
Sash - Together Again.mp3
Sash - Vangelis.mp3
Sash!-Le Soleil Noir.mp3
Sash-With My Own Eyes.mp3
Scooter - Back In The U.K..mp3
Scooter - Break it up.mp3
Scooter - Call Me Manana.mp3
Scooter - Don't Stop.mp3
Scooter - Expecting more from Ratty .mp3
Scooter - Eyes Without A Face.mp3
Scooter - Faster, Harder, Scooter.mp3
Scooter - Fuck The Millenium (1).mp3
Scooter - How Much Is The Fish.mp3
Scooter - Hyper Hyper.mp3
Scooter - I Shot The DJ.mp3
Scooter - I was made for lovin' you.mp3
Scooter - Nessaja.mp3
Scooter - No fate (Trancemix).mp3
Scooter - No time to chill - 14 -Sputnik.mp3
Scooter - No time to chill - Hands Up!.mp3
Scooter - Ramp! The Logical Song.mp3
Scooter - The Revolution.mp3
Scooter - We Are The Greatest.mp3
Scooter - We Bring The Noise 04 - We Bring The Noise.mp3
Scooter & Blumchen - Ich Bin Wieder Hier (Scooter Mix).mp3
Scooter, Brooklyn Bounce, Daddy DJ & Lasgo - House Mix 2002.mp3
Scooter-Endless Summer.mp3
Scooter-Extacy.mp3
Scooter-Friends.mp3
Scooter-Im Raving.mp3
scooter-Move your Ass.mp3
Scooter-Posse.mp3
Scooter-Sex dwarf.mp3
Secret Arena Megamix .mp3
Seelikukütid-Kui kallist kodust läksin.mp3
SEQUENTIAL ONE-IMAGINATION.mp3
Sex Sounds - Female Orgasm COCK TEASING BITCH ! (porno).mp3
Sex Sounds - Girl Has Aggressive Orgasm During Sex.mp3
Sex Sounds - Very Wet Blowjob.mp3
Silver - Forgiven.mp3
Smile - boys euromix.mp3
Smile - Butterfly Techno Remix (1).mp3
Smile - Coconut cream.mp3
Smile - Dancing All Alone.MP3
Smile - Dragonfly.mp3
Smile - Middle of the Night.mp3
Smile - PETIT LOVE.mp3
Smile - so many men.mp3
smile dk - future girls.mp3
Smile DK - Kissy Kissy.mp3
Smile.dk - Candygirl.mp3
smile.dk-Bumble Bee.mp3
Smilers-Tahan sind.mp3
SM-Trax feat Tess - Feel the Music [Derb Rmx] -=[www.HardBeats.tk]=-.mp3
sm-trax feat tess-feel the music  sm in clubbing cut-mtc.mp3
SM-Trax feat. Tess - Feel the Music (Derb Remix).mp3
SM-Trax feat.mp3
Solid Base - 12 - Obladi Oblada.mp3
Solid Base - Colours Of Your Dreams.mp3
Solid Base - Come'n get me.mp3
Solid Base - In your dreams.mp3
Solid Base - Mirror mirror.mp3
Solid Base - Push It (Techno Mix).mp3
Solid Base - Set Me Free.mp3
Solid base-Sha la long.mp3
Solid Bass - Stay With Me.mp3
Sound FX porno Sex Sounds - Extreme Orgasm.mp3
Space Frog - Lost In Space '98 (Yves Deruyter Remix).mp3
Spice Girls - 2 Become 1.mp3
Spice Girls - Holler.mp3
Spice Girls - If U Can't Dance.mp3
Spice Girls - Last Time Lover.mp3
Spice Girls - Love Thing.mp3
Spice Girls - Mama.mp3
Spice Girls - Naked.mp3
Spice Girls - Say You'll Be There.mp3
Spice Girls - Something Kinda Funny.mp3
Spice Girls - Spice up your life.mp3
Spice Girls - Viva Forever1.mp3
Spice Girls - Wannabe.mp3
Spice Girls - Who Do You Think You Are.mp3
Spice girls-Do it.mp3
Spice girls-Move over.mp3
Spice girls-Never give up on the good times.mp3
Spice girls-Saturday night divas.mp3
Spice girls-Stop.mp3
Spice girls-Too much.mp3
Spice up Your life.mp3
SpiceGirls - Denying.mp3
SpiceGirls - The lady is a vamp.mp3
SpiceGirls - Viva forever.mp3
starcraft- nuclear lanch detected techno.mp3
STARSPLASH - Wonderful Days.mp3
Studio 33 - 80's 90's.mp3
Studio 33 - Bad Boys Blue Giga Mix.mp3
Studio 33 - Disco Medley (Limited Edition).mp3
Studio 33 - Revolution 3rd Mix - Nonstop Megamix.mp3
Studio 33 Euro - eurodance mix vol 2.mp3
sunbeam - one minute in heaven (club mix).mp3
Suveniir-Mandoliinid öös(pikk).mp3
Suveniir-Mandoliinid öös.mp3
Sylver - Forgiven.mp3
Talvehitt '96 - 17 - Ruja - Suudlus Läbi Jäätunud Klaasi.mp3
Tatoo-Malchik gei.mp3
Tatu - All The Things She Said.mp3
Tatu - All The Things She Said.mp3
tatu - Ja Tvoja Ne pervaja.mp3
Tatu - Nas Nie Dogoniat.mp3
Tatu - Nas Nie Dogoniat.mp3
tatu - they're not gonna get us.mp3
Tatu - Ya soshla s uma.mp3
Tatu - Ya Tvoy Vrag.mp3
Tatu - Ya Tvoy Vrag.mp3
tatu - Zachem Ja.mp3
Taty - 30 minut.mp3
Taty - 30 minut.mp3
Taty - Nas ne dogonyat.mp3
Taty - Nas ne dogonyat.mp3
Tchaikovsky - Dance of the SugarPlum Fairy(Techno Remix).mp3
Techno - Aquagen - Party alarm .mp3
Techno - Brooklyn Bounce - Bass, Beats & Melody.mp3
Techno - DJ Miko - Hot Stuff (Fast Dance Mix) (1).mp3
Techno - dj visage-thunder  network red club mix.mp3
Techno - Gigi D'agostino - I Will Fly With You.MP3
Techno - King Of My Castle.mp3
Techno - Progressive - Mixin' Marc - Ecstacy.mp3
Techno - Progressive - Mixin' Marc - Ecstacy.mp3
Techno - Progressive - Mixin' Marc - Ecstacy.mp3
Techno - Silent night.mp3
Techno Christmas - Jingle Bells dance.mp3
techno-Bad Boys Blue - Euro Hits 2000 - Turbo Megamix Vol.mp3
techno-rave - trance - best of hard trance .mp3
tess -- quiero ser yo.mp3
The Christmas Song.mp3
Time-Life Music - Treasury Of Christmas -- Disc B - Do You Hear What I Hear- (1).mp3
todo es mentira.mp3
Tomcraft Vs Sunbeam-Versus.mp3
Toomas JSesaar-Urjala jaaniöö.mp3
topmodelz - -fly on the wings of love .mp3
Topmodelz - L`Esperanza (Radio Edit).mp3
Topmodelz - LŽEsperanza (DjŽs @ Work Remix).mp3
tori amos . . . Strange Little Girls . . .mp3
Touche - Dinner in heven.mp3
Touche - I Can't Get No Sleep.mp3
Track04!!s.mp3
Tupac- Gangstas Paradise (techno remix).mp3
U 96 - Heaven.mp3
U96 - Club bizar.mp3
U96 - Das Boot 2001.mp3
U96 - Das Boot.mp3
U96 -- Love religion.mp3
U96 - Love Sees No Colour.mp3
Üllar Jörberg-Kutse tantsule.mp3
vanilla ice - ice ice baby 2001 (gigi d'agostino remix] 1.mp3
Various - Childrens Fun Christmas Songs - 01 - Rudolph the red nose reindeer (1).mp3
Various Artists - Vincent De Moor - Fly [Away].mp3
Various Artists - We Wish You a Merry Christmas - Porter Wagoner.mp3
Various Artists-Kung Fu Fighting.mp3
VEIKS ja TAMBET - metsaloomad.mp3
Vello Orumets-El`bimbo.mp3
Vello Orumets-Miniseelik.mp3
Venga Boys - Boom Boom Boom Boom.mp3
Venga Boys - Sha La La La La.mp3
Venga Boys - We Like To Party.mp3
Venga Boys - We're Going To Ibiza.mp3
VengaBoys - Up And Down.mp3
Vengaboys-Sex On The Beach! Dance Music Carribean.mp3
vennaskond - sinine vagun.mp3
virus - russian techno.mp3
Virus - Sin disfraz.mp3
WaldoŽs People - U Drive Me Crazy.mp3
Waldo's People-I Dream.mp3
warmduscher - Hardcore Will Never Die.mp3
warp brothers - Hold that sucker down.mp3
Warp Brothers - Onipuss.mp3
warp brothers - we will survive.mp3
Warp Brothers Vs Aquagen - Phat Bass (Blade Techno remix).mp3
We Wish You A Merry Christmas - Dance  Party  Christmas  Mix (1).mp3
We Wish You A Merry Christmas.mp3
Wham - Last Christmas.mp3
Wham! - Last Christmas.mp3
Whigfield - Another day (1).mp3
Whigfield - Be my Baby.mp3
Whigfield - Big Time.mp3
Whigfield - Saturday Night - Dance Mix '95.mp3
Whigfield - Saturday Night (1).mp3
Whigfield - Saturday Night.mp3
Whigfield - Sexy Eyes.mp3
WHIGFIELD-Think Of You.mp3
Wynton Marsalis - Peanuts Theme.mp3
You are not Alone - Modern Talking.mp3
Zombie Nation - Kernkraft 400.mp3
Zombie Nation-Whoa Oh Oh Oh.mp3
FailideArv=976
